[profile.dev]
opt-level = "z"

[profile.release]
opt-level = "z"

[workspace]
members = ["dnas/*/zomes/coordinator/*", "dnas/*/zomes/integrity/*"]

[workspace.dependencies]
hdi = "=0.2.4"
hdk = "=0.1.4"
serde = "=1.0.166"

[workspace.dependencies.posts]
path = "dnas/forum/zomes/coordinator/posts"

[workspace.dependencies.posts_integrity]
path = "dnas/forum/zomes/integrity/posts"
