---
manifest_version: "1"
name: my_forum_app
description: ~
roles:
  - name: forum
    provisioning:
      strategy: create
      deferred: false
    dna:
      bundled: "../dnas/forum/workdir/forum.dna"
      modifiers:
        network_seed: ~
        properties: ~
        origin_time: ~
        quantum_time: ~
      installed_hash: ~
      _version: ~
      clone_limit: 0
