---
manifest_version: "1"
name: my_forum_app
ui:
  bundled: "../ui/dist.zip"
happ_manifest:
  bundled: "./my_forum_app.happ"
