---
manifest_version: "1"
name: forum
integrity:
  network_seed: ~
  properties: ~
  origin_time: 1697393847947917
  zomes:
    - name: posts_integrity
      hash: ~
      bundled: "../../../target/wasm32-unknown-unknown/release/posts_integrity.wasm"
      dependencies: ~
coordinator:
  zomes:
    - name: posts
      hash: ~
      bundled: "../../../target/wasm32-unknown-unknown/release/posts.wasm"
      dependencies:
        - name: posts_integrity
